// Jest Snapshot v1, https://goo.gl/fbAQLP

exports[`Dashboard page should render as expected 1`] = `
<div>
  <CategoryComponent
    allCategory={Array []}
    currentcategory={
      Array [
        "all",
      ]
    }
  />
  <SortFilter
    sortFilter={Array []}
  />
  <div
    className="row articlesSourcesContainer"
  >
    <SourcesComponent
      error={null}
      sourceSelected="all"
      sources={Array []}
    />
    <ArticleComponent
      articles={Array []}
      error={null}
    />
  </div>
</div>
`;
