// Jest Snapshot v1, https://goo.gl/fbAQLP

exports[`Login component should render as expected 1`] = `
<div
  className="well login-page "
>
  <div
    className="col-md-9 pull-left"
  />
  <img
    className="loginBackgroundImg"
  />
  <div
    className="pull-right col-md-3 displayMsg"
  >
    <p
      className="errorMsg col-md-3 "
    >
      <span
        className="warningText col-md-6"
      />
    </p>
    <div
      className="all-available-login-button"
    >
      <p
        className="loginHeader"
      >
        Headline RSS Feed
      </p>
      <button
        className="loginBtn btn loginBtn--github"
        href="login"
        name="github"
        onClick={[Function]}
      >
        <span
          className="fa fa-github"
        />
        Login with Github
      </button>
      <br />
      <button
        className="loginBtn btn loginBtn--google"
        href="login"
        name="google+"
        onClick={[Function]}
      >
        Login with Google
      </button>
    </div>
  </div>
</div>
`;
