// Jest Snapshot v1, https://goo.gl/fbAQLP

exports[`404 page should render as expected 1`] = `
<div
  className="page404"
>
  <h1
    className="p404Header"
  >
    PAGE NOT FOUND 
  </h1>
  <p
    className="p404Body"
  >
     You are reaching here because the requested page cannot be found or it has been moved
  </p>
  <p
    className="p404Body"
  >
    Click on the link below to go back to Home page or click 'back' in the navigation bar to go to the previos page
  </p>
  <p
    className="p404Link"
  >
    <a
      href="/"
    >
      Go to Home Page
    </a>
  </p>
</div>
`;
