// Jest Snapshot v1, https://goo.gl/fbAQLP

exports[`404 page should render as expected 1`] = `
<div>
  <h1>
    PAGE NOT FOUND 
  </h1>
  <h3>
     You are reaching this page because the requested page cannot be found
  </h3>
  <h3>
     or it has been moved
  </h3>
  <h5>
    <a
      href="/"
    >
      Go to Home Page
    </a>
  </h5>
  <Footer />
</div>
`;
