// Jest Snapshot v1, https://goo.gl/fbAQLP

exports[`Category component should render as expected 1`] = `
<nav
  className="navbar navbar-default categoryList"
>
  <div
    className="container-fluid"
  >
    <div
      className="navbar-header"
    >
      <h5
        className="text-muted hidden"
      >
        News Category
      </h5>
      <button
        aria-controls="navbar"
        aria-expanded="false"
        className="navbar-toggle collapsed"
        data-target="#navbar"
        data-toggle="collapse"
        type="button"
      >
        <span
          className="sr-only"
        >
          Toggle navigation
        </span>
        <span
          className="icon-bar"
        />
        <span
          className="icon-bar"
        />
        <span
          className="icon-bar"
        />
      </button>
    </div>
    <div
      className="navbar-collapse collapse"
      id="navbar"
    >
      <ul
        className="nav nav-justified"
      >
        <Category
          category={
            Object {
              "category": "general",
            }
          }
          currentCategory="general"
        />
        <Category
          category={
            Object {
              "category": "sport",
            }
          }
          currentCategory="general"
        />
      </ul>
    </div>
  </div>
</nav>
`;
