// Jest Snapshot v1, https://goo.gl/fbAQLP

exports[`Header should render as expected 1`] = `
<nav
  className="navbar navbar-inverse navbar-fixed-top appHeader"
>
  <div
    className="container-fluid"
  >
    <div
      className="navbar-header"
    >
      <a
        className="navbar-brand"
        href="/"
      >
        Headlines RSS Feed
      </a>
    </div>
    <div
      className="navbar-collapse collapse"
      id="navbar"
    >
      <ol
        className="nav navbar-nav navbar-right"
      >
        <li
          className=""
        >
          <a
            className="disableClick"
          />
        </li>
        <li
          className=""
        >
          <a
            onClick={[Function]}
          >
            <span
              className="logoutBtn"
            >
              Logout
            </span>
          </a>
        </li>
      </ol>
    </div>
  </div>
</nav>
`;
