// Jest Snapshot v1, https://goo.gl/fbAQLP

exports[`NavBar should render as expected 1`] = `
<div
  className=" container navbar2"
>
  <div
    className="masthead"
  >
    <h3
      className="text-muted"
    >
      Category
    </h3>
    <nav>
      <ul
        className="nav nav-justified"
      >
        <CategoryComponent
          id="all"
          name="All"
        />
        <CategoryComponent
          id="business"
          name="Business"
        />
        <CategoryComponent
          id="entertainment"
          name="Entertainment"
        />
        <CategoryComponent
          id="gaming"
          name="Gaming"
        />
        <CategoryComponent
          id="general"
          name="General"
        />
        <CategoryComponent
          id="music"
          name="Music"
        />
        <CategoryComponent
          id="politics"
          name="Politics"
        />
        <CategoryComponent
          id="science"
          name="Science"
        />
        <CategoryComponent
          id="sport"
          name="Sport"
        />
        <CategoryComponent
          id="technology"
          name="Technology"
        />
      </ul>
    </nav>
    <li
      className="dropdown sortByFeature"
    >
      <a
        aria-expanded="true"
        aria-haspopup="true"
        className="dropdown-toggle"
        data-toggle="dropdown"
        role="button"
      >
         Sort Articles By 
        <span
          className="caret"
        />
      </a>
      <ul
        className="dropdown-menu"
      >
        <li
          className="disabled disableClick"
        >
          <a
            onClick={[Function]}
          >
            Top
          </a>
        </li>
        <li
          className="disabled disableClick"
        >
          <a
            onClick={[Function]}
          >
            Latest
          </a>
        </li>
        <li
          className="disabled disableClick"
        >
          <a
            onClick={[Function]}
          >
            Popular
          </a>
        </li>
      </ul>
    </li>
  </div>
</div>
`;
