// Jest Snapshot v1, https://goo.gl/fbAQLP

exports[`Sources component should render as expected 1`] = `
<div
  className="container pull-left outerSourceBorder"
>
  <div
    className="well sidebar-offcanvas"
    id="sidebar"
  >
    <h4
      className="sourcesHeader"
    >
       News Sources 
    </h4>
    <input
      className="form-control"
      onChange={[Function]}
      placeholder="Search Sources..."
      type="text"
    />
    <br />
    <ul
      className="nav nav-sidebar Source-Container"
    >
      <Source
        activeSource="bbc-sport"
        source={
          Object {
            "id": "bbc-sport",
            "name": "BBC SPORT",
            "sortBysAvailable": Array [
              "popular",
              "latest",
            ],
          }
        }
      />
    </ul>
  </div>
</div>
`;
